sampleA alignment_results/06-stringtie/sampleA.gtf
