sampleB alignment_results/06-stringtie/sampleB.gtf
